And_he’s	And he’s
And_the	And the
At_the	At the
Be -- liev -- ers	Believers
Blood -- sprin -- kled	Blood-sprinkled
But_the	But the
Calv’ -- ry’s	Calv’ry’s
Do_ing	Doing
Ev -- ’ry	Ev’ry
Ev -- ’ry -- thing	Ev’rything
Glo_rious -- ly	Gloriously
God_now	God now
Heark_en	Hearken
Is_con -- veyed	Is conveyed
Naz -- a -- reth	Nazareth
Such_a	Such a
Tramp -- ling	Trampling
What_a	What a
What_an	What an
Wher -- e’er	Where’er
Who -- so -- e’er	Whosoe’er
a -- bides	abides
a -- dored	adored
a -- ges	ages
a -- toned	atoned
an -- gel -- hosts	angel-hosts
be -- liev -- eth	believeth
chil -- dren	children
con -- sumed	consumed
con -- trived	contrived
de -- clin -- ing	declining
de -- nied	denied
deep -- felt	deepfelt
dis -- clos -- es	discloses
es -- poused	espoused
ev -- er -- gra -- cious	ever-gracious
ev -- ver -- last -- ing	everlasting
ev -- ’ry	ev’ry
fast -- fleet -- ing	fast-fleeting
for -- gives	forgives
ful -- ness	fulness
gath -- ’ring	gathr’ing
gath -- ’rings	gath’rings
giv -- eth	giveth
give_for	give for
glo -- ri -- fied	glorified
great -- est	greatest
he_once	he once
heal -- eth	healeth
heard_of	heard of
heav -- y -- la -- den	heavy-laden
heav’n -- ly	heav’nly
how -- e’er	howe’er
in -- her_
in -- ter -- posed	interposed
lov -- ing -- kind -- ness	loving-kindness
mer -- cy -- seat	mercy-seat
mis -- ’ry	mis’ry
near -- er	nearer
pass -- eth	passeth
prais -- es	praises
pris -- ’ner	pris’ner
pur -- chased	purchased
pur -- su -- ing	pursuing
re -- ech -- oes	re-echoes
re -- joiced	rejoiced
re -- mot -- est	remotest
rest_to	rest to
sa -- bach -- tha -- ni	sabachthani
save_his	save his
spear -- pierc -- ed	spear-pierced
start -- led	startled
stood -- est	stoodest
stron -- ger	stronger
sup -- plies	supplies
sweet -- est	sweetest
t_were	twere
voi -- ces	voices
wand -- ’rers	wand’rers
well -- be -- lov -- ed	well-beloved
wher -- e’er	where’er
who -- so -- ev -- er	whosoever
sin -- neth	sinneth
un -- a -- ba -- ting	unabating
con -- veyed	conveyed
Sweet -- est	Sweetest
child -- ren	children
for -- giv’n	forgiv’n
Cal -- vry’s	Calvry’s
blood -- be -- sprink -- led	blood-besprinkled
en -- throned	enthroned
chil -- dren’s	children’s
rec -- on -- ciled	reconciled
wel -- comed	welcomed
sad -- der	sadder
Beth -- le’m’s	Bethle’m’s
Cal -- v’ry’s	Calv’ry’s
Si -- nai’s	Sinai’s
a -- tones	atones
ar -- rayed	arrayed
com -- eth	cometh
in -- iq -- ui -- ties	iniquities
heart -- be -- liev -- ing	heart-believing
Ho -- liest	Holiest
Pu -- rest	Purest
Who -- e’er	Whoe’er
in -- vites	invites
trou -- bled	troubled
vic -- t’ry	vict’ry
com -- plet -- ed	completed
re -- main -- eth	remaineth
Who -- so -- ev -- er	Whosoever
Glo -- ri -- fied	Glorified
blood -- sprink -- led	blood-sprinkled
nev -- er -- fail -- ing	never-failing
a -- ton -- ing	atoning
ear -- liest	earliest
prai -- ses	praises
re -- trieved retrieved
De -- spised	Despised
find -- eth	findeth
pant -- eth	panteth
rest -- eth	resteth
un -- fold -- eth	unfoldeth
wel -- com -- est	welcomest
re -- trieved	retrieved
Christ -- less	Christ-less
Cow -- ’ring	Cow’ring
Sin -- stained	Sin-stained
day -- dawn	day-dawn
all_the	all the
feeb -- lest	feeblest
Thous -- sands	Thousands
suf -- fic -- eth	sufficeth
suff -- ’ring	suff’ring
just -- i -- fied	justified
De -- liv -- ered	Delivered
de -- lay -- eth	delayeth
prom -- is -- es	promises
