an -- gel -- hosts	angel-hosts
fast -- fleet -- ing	fast-fleeting
gath -- ’ring	gathr’ing
how -- e’er	howe’er
re -- ech -- oes	re-echoes
voi -- ces	voices
dis -- clos -- es	discloses
es -- poused	espoused
stron -- ger	stronger
Wher -- e’er	Where’er
sa -- bach -- tha -- ni	sabachthani
de -- nied	denied
a -- bides	abides
ev -- ’ry	ev’ry
sweet -- est	sweetest
deep -- felt	deepfelt
heav’n -- ly	heav’nly
great -- est	greatest
pris -- ’ner	pris’ner
Calv’ -- ry’s	Calv’ry’s
glo -- ri -- fied	glorified
be -- liev -- eth	believeth
who -- so -- ev -- er	whosoever
con -- trived	contrived
sup -- plies	supplies
ful -- ness	fulness
in -- ter -- posed	interposed
Ev -- ’ry	Ev’ry
a -- toned	atoned
Ev -- ’ry -- thing	Ev’rything
Glo_rious -- ly	Gloriously
ev -- ’ry	ev’ry
Naz -- a -- reth	Nazareth
gath -- ’rings	gath’rings
heav -- y -- la -- den	heavy-laden
pass -- eth	passeth
re -- joiced	rejoiced
wand -- ’rers	wand’rers
wher -- e’er	where’er
prais -- es	praises
start -- led	startled
well -- be -- lov -- ed	well-beloved
for -- gives	forgives
lov -- ing -- kind -- ness	loving-kindness
giv -- eth	giveth
pur -- chased	purchased
mis -- ’ry	mis’ry
Be -- liev -- ers	Believers
a -- ges	ages
ev -- ver -- last -- ing	everlasting
a -- dored	adored
spear -- pierc -- ed	spear-pierced
Tramp -- ling	Trampling
ev -- er -- gra -- cious	ever-gracious
de -- clin -- ing	declining
heal -- eth	healeth
stood -- est	stoodest
chil -- dren	children
re -- mot -- est	remotest
near -- er	nearer
prais -- es	praises
Who -- so -- e’er	Whosoe’er
con -- sumed	consumed
Blood -- sprin -- kled	Blood-sprinkled
glo -- ri -- fied	glorified
mer -- cy -- seat	mercy-seat
well -- be -- lov -- ed	well-beloved
pur -- su -- ing	pursuing
Is_con -- veyed	Is conveyed
in -- her_
