Al -- tho’	Although
Beth -- le’m’s	Bethle’m’s
Blood -- sprin -- kled	Blood-sprinkled
Bur -- den’d	Burden’d
Cal -- vry’s	Calvry’s
Cal -- v’ry	Calv’ry
Cal -- v’ry’s	Calv’ry’s
Calv’ -- ry’s	Calv’ry’s
Christ -- less	Christless
Con -- quer -- er	Conquerer
Cow -- ’ring	Cow’ring
En -- wrapt	Enwrapt
Ev -- ’ry	Ev’ry
Ev -- ’ry -- thing	Ev’rything
Haste __ thee	Haste thee
Im -- man -- u -- el’s	Immanuel’s
Je -- sus’	Jesus’
Now __ He	Now He
Now __ in	Now in
Ru -- in’d	Ruined
Sav -- _ iour	Saviour
Sav -- iour	Saviour
Sav -- iour’s	Saviour’s
Sin -- stained	Sin-stained
Thous -- sands	Thousands
Well -- Be -- lov -- ed	Well-Beloved
Wher -- e’er	Where’er
Who -- e’er	Whoe’er
Who -- so -- e’er	Whosoe’er
Yon -- der’s	Yonder’s
a -- mongst	amongst
al -- way	alway
all_the	all the
an -- gel -- hosts	angel-hosts
be -- liev -- eth	believeth
blood -- be -- sprink -- led	blood-besprinkled
blood -- bought	blood-bought
blood -- sprink -- led	blood-sprinkled
call -- eth	calleth
chil -- dren’s	children’s
com -- eth	cometh
con -- demn’d	condemned
cost -- less	costless
day -- dawn	day-dawn
de -- lay -- eth	delayeth
deep -- felt	deep-felt
ev -- er -- gra -- cious	ever-gracious
ev -- ver -- last -- ing	everlasting
ev -- ’ry	ev’ry
ev -- ’ry -- where	ev’rywhere
fast -- fleet -- ing	fast-fleeting
fat -- ling	fatling
fin -- ish’d	finished
find -- eth	findeth
for -- giv’n	forgiv’n
foun -- tain __ all	fountain all
ful -- ness	fulness
gath -- ’ring	gath’ring
gath -- ’rings	gath’rings
giv -- eth	giveth
glo -- ry -- cir -- cled	glory-circled
haste __ thee	haste thee
heal -- eth	healeth
heart -- be -- liev -- ing	heart-believing
heav -- y -- la -- den	heavy-laden
heav’n -- ly	heav’nly
how -- e’er	howe’er
lov -- ing -- kind -- ness	loving-kindness
love __ waits	love waits
meet -- ness	meetness
mer -- cy -- seat	mercy-seat
mis -- ’ry	mis’ry
nev -- er -- fail -- ing	never-failing
o’er -- came	o’ercame
o’er -- come	o’ercome
o’er -- pays	o’er-pays
o’er -- take	o’ertake
pant -- eth	panteth
pass -- eth	passeth
pris -- ’ner	pris’ner
re -- deem’d	redeem’d
re -- main -- eth	remaineth
re -- quir -- eth	requireth
rest -- eth	resteth
sa -- bach -- tha -- ni	sabachthani
sin -- neth	sinneth
sin -- strick -- en	sin-stricken
soul -- clean -- sing	soul-cleansing
spear -- pierc -- ed	spear-pierced
stood -- est	stoodest
storm -- tossed	storm-tossed
suf -- fer’d	suffer’d
suf -- fic -- eth	sufficeth
suf -- f’ring	suff’ring
suff -- ’ring	suff’ring
t_were	’t were
un -- a -- ba -- ting	unabating
un -- blest	unblest
un -- de -- filed	undefiled
un -- fold -- eth	unfoldeth
vic -- t’ry	vict’ry
wait -- eth	waiteth
wan -- d’rings	wand’rings
wand -- ’rers	wand’rers
wel -- com -- est	welcomest
well -- be -- lov -- ed	well-beloved
wher -- e’er	where’er
who -- so -- e’er	whosoe’er
Calv’ -- ry	Calv’ry
fat -- ted	fatted
san -- dled	sandled
Pro -- claim -- er	Proclaimer
un -- min -- gled	unmingled
thron -- ed	throned
can -- celled	cancelled
of -- fence	offence
nail -- prints	nail-prints
sit -- teth	sitteth
Life -- gate	Life-gate
o -- pen’d	opened
mak -- eth	maketh
list -- ’ning	list’ning
Je -- ho -- vah -- Je -- sus	Jehovah-Jesus
seem -- eth	seemeth
hear -- eth	heareth
wan -- d’rer	wand’rer
Fast -- en’d	Fastened
o’er -- flow	o’erflow
lead -- eth	leadeth
ev -- ’ry -- thing	everything
Ev’ -- ry	Every
th’as -- sem -- bly	th’ assembly
ex -- ceed -- est	exceedest
ma -- ny_a	many a
sto -- ry__	story
th’e -- ter -- nal	th’eternal
un -- ut -- tered	unuttered
o’er -- flows	o’erflows
clear -- eth	cleareth
fear -- eth	feareth
mem -- ’ry	mem’ry
re -- tain -- eth	retaineth
us -- ward	us-ward
un -- spot -- ted	unspotted
threat -- ’ning	threat’ning
sov -- ’reign	sov’reign
un -- dis -- tract -- ed	undistracted
par -- don’d	pardoned
dark -- some	darksome
well -- known	well-known
oth -- er’s	other’s
re -- serv’d	reserved
sin -- wounds	sin-wounds
life -- giv -- ing	life-giving
un -- priced	unpriced
wher -- e’re	where’er
Ex -- haust -- less	Exhaustless
Soul -- thirst	Soul-thirst
life -- cre -- at -- ing	life-creating
pre -- par -- eth	prepareth
gain -- eth	gaineth
sus -- tain -- eth	sustaineth
